2026-08-16 13:55:57   According to the selected features the <Time Domain Solver (HEX)> will be
                      started.

                      ------------------------------------------------------------------------------
2026-08-16 13:55:58   
                      Solver started at: 2026-08-16 13:55:58 +0300

                        Module:  Time Domain: S-Parameter (Win 64)
                        Version: 2025.1 Release from 2024-10-28 (change 1339251)

2026-08-16 13:55:58   

                      ------------------------------------------------------------------------------
2026-08-16 13:55:58   Hardware Accelerator Device infos:
                      - The environment variable CST_HWACC_ALLOW_UNVERIFIED_HARDWARE is set to allow all GPUs. Please consider to set 
                      CUDA_VISIBLE_DEVICES to limit the available devices.
                      - On your system CUDA_VISIBLE_DEVICES is set to: 0
                      - CUDA_MODULE_LOADING is set to: LAZY


                      ------------------------------------------------------------------------------
2026-08-16 13:55:58   ======================================================================
                       Solver cycle: 1
                      ======================================================================

                      Stimulation at discrete port 1 



                      ------------------------------------------------------------------------------
2026-08-16 13:55:58   Units settings: 

                        Dimensions: mm
                        Frequency:  GHz
                        Time:       ns

                      ------------------------------------------------------------------------------
2026-08-16 13:55:58   The dispersive material update [Automatic] will be performed using the "Standard" update schema

                      ------------------------------------------------------------------------------
2026-08-16 13:56:03   Boundary conditions: 

                        YZsymmetry: none
                        XZsymmetry: none
                        XYsymmetry: none

                        Xmin: expanded open, 4 Layer, depth 1.23766 mm
                        Xmax: expanded open, 4 Layer, depth 1.28314 mm

                        Ymin: expanded open, 4 Layer, depth 1.32292 mm
                        Ymax: expanded open, 4 Layer, depth 1.24702 mm

                        Zmin: expanded open, 4 Layer, depth 1.25641 mm
                        Zmax: expanded open, 4 Layer, depth 1.31936 mm

                        PML-Type: Convolution PML

                      ------------------------------------------------------------------------------
2026-08-16 13:56:03   Frequency settings: 

                        Fmin:         1
                        Fmax:         60
                        Nfsteps(lin): 1001

                      ------------------------------------------------------------------------------
2026-08-16 13:56:03   Field update statistics:

                        Number of components in total: 	724275
                        Number of lossy metal components:	9505

                      Subcycling state:      			Automatically deactivated

                      ------------------------------------------------------------------------------
2026-08-16 13:56:03   Port: 1

2026-08-16 13:56:03     Discrete element, reference impedance = 50 Ohm

                      ------------------------------------------------------------------------------
2026-08-16 13:56:04   Feature memory distribution of used GPU RAM:
                      	 47 %	 core model
                      	 46 %	 open boundary
                      	  7 %	 lossy metal


                      ------------------------------------------------------------------------------
2026-08-16 13:56:08   Asynchronous communication is used for GPU Computing.

                      ------------------------------------------------------------------------------
2026-08-16 13:56:13   
                      --------------------------------------------------------------------------------
2026-08-16 13:56:13   Steady state energy criterion met, solver finished successfully.

                      ------------------------------------------------------------------------------
2026-08-16 13:56:13   Frequency domain results normalized to default signal.


                      ------------------------------------------------------------------------------
2026-08-16 13:56:13   
                        ----------------------------------------------------------------------------
                                            Peak memory used (kB)         Free physical memory (kB) 
                                                                          At begin     Minimum      
                        ----------------------------------------------------------------------------
                        CAD preparation     18364                         6441712      6441712      
                        Matrices calc.      533813                        6436523      5875976      
                        Solver run total    172556                        6391208      6335288      
                        ----------------------------------------------------------------------------

                      --------------------------------------------------------------------------------
                      Solver Statistics:

                        Hardware:
                           Computer name:                 	Crims0ncl0ud 

                           Number of CPU threads:               4
                           hardware type:                  	1 CUDA GPU solver, NVIDIA GeForce RTX 4050 Laptop GPU
                           GPU memory usage:            	  approx. 5 %

                        Number of mesh cells:             	116886
                        Excitation duration:              	1.20493178e-001 ns 
                        Calculation time for excitation:  	2 	s
                        Number of calculated pulse widths:	1.68218 
                        Steady state accuracy limit:      	-20	dB 
                        Simulated number of time steps:   	2331 
                        Maximum number of time steps:     	27714 
                        Time step width:
                           without subcycles:             	8.695455584e-005 ns
                           used:                          	8.695455584e-005 ns

                        Reloading matrices:               	1 	s
                        Solver setup time:                	9 	s
                        Solver loop time:                 	2 	s
                        Solver post-processing time:      	1 	s
                                                          	------------
                        Total solver time:                	13 	s

                      ------------------------------------------------------------------------------
2026-08-16 13:56:13   
                        Total solver time (all cycles):      	13     	s
                        Solver initialization and clean-up:  	2      	s
                                                             	------------
                        Total simulation time:               	15     	s

                      ------------------------------------------------------------------------------
2026-08-16 13:56:13   Solver finished at: 2026-08-16 13:56:13 +0300



                      ------------------------------------------------------------------------------
