*** STARTING PCB CONVERSION ***

Importing C:\Users\Ilysha\Desktop\eclipse\PCB1.zip... [Sat Aug 15 10:30:22 2026]
============================================================
Reading ODB++ database ...

Reading file odb/misc/info...
Reading file odb/matrix/matrix...
Reading file odb/steps/pcb/profile...
Reading file odb/steps/pcb/eda/data...
HDR = Altium Designer file - Version 1.0.0.30000
eda data: 0 packages, 1 nets.
Reading file odb/steps/pcb/layers/top_solder/features...
1 SWHs on layer TOP_SOLDER
Reading file odb/steps/pcb/layers/top_layer/features...
1 SWHs on layer TOP_LAYER
Reading file odb/steps/pcb/layers/dielectric_1/features...
0 SWHs on layer DIELECTRIC_1
Reading file odb/steps/pcb/layers/bottom_layer/features...
1 SWHs on layer BOTTOM_LAYER
Reading file odb/steps/pcb/layers/bottom_solder/features...
1 SWHs on layer BOTTOM_SOLDER
Reading file odb/steps/pcb/layers/top_solder/attrlist...
Reading file odb/steps/pcb/layers/top_layer/attrlist...
Reading file odb/steps/pcb/layers/dielectric_1/attrlist...
Reading file odb/steps/pcb/layers/bottom_layer/attrlist...
Reading file odb/steps/pcb/layers/bottom_solder/attrlist...
WARNING: material values were set to default due to missing information for the following layers:  'TOP_SOLDER', 'TOP_LAYER', 'DIELECTRIC_1', 'BOTTOM_LAYER', 'BOTTOM_SOLDER'
Unifying library padstacks...
Finished reading database.
============================================================
*** ENDING PCB CONVERSION with SUCCESS***

========== Starting Layout Check ==========
Checking geometry
Looking for geometry artifacts
Looking for healed shape problems

========== End Layout Check ==========
